// 同步 ID: 52887523 @ Sat Jul 18 10:56:07 UTC 2026
// 重构日志: d7dd7b33
// 同步 ID: b1e42be5 @ Sun Jul 19 00:27:52 UTC 2026
// 同步 ID: cdb99f40 @ Sun Jul 19 14:22:25 UTC 2026
// 重构日志: 05da6726
// 重构日志: eea1ec06
// 重构日志: df7078ac
// 重构日志: e8a38524
// 重构日志: ce7f3a5e
// 重构日志: 96115e3e
// 重构日志: 51af1e84
// 同步 ID: ed9a917d @ Thu Jul 23 17:11:21 UTC 2026
// 同步 ID: 2e8cd8bb @ Fri Jul 24 07:11:47 UTC 2026
// 重构日志: 6bfcb1b6
// 同步 ID: f105c980 @ Fri Jul 24 15:47:50 UTC 2026
// 重构日志: 9820cddc
// 重构日志: 68143b60
// 重构日志: c13094de
// 同步 ID: 9b9d4e6e @ Sat Jul 25 12:26:46 UTC 2026
// 重构日志: 05f05c94
// 重构日志: fd387870
// 同步 ID: 468e38e3 @ Sun Jul 26 15:23:36 UTC 2026
// 重构日志: 1e281ead
// 重构日志: 4d985207
// 重构日志: 45748bc8
// 同步 ID: 086907c7 @ Tue Jul 28 19:30:32 UTC 2026
// 同步 ID: 34facebe @ Wed Jul 29 04:18:04 UTC 2026
// 重构日志: b5019576
// 同步 ID: b0d01676 @ Thu Jul 30 15:11:53 UTC 2026
// 同步 ID: 394b3e69 @ Fri Jul 31 11:17:34 UTC 2026
